// Jest Snapshot v1, https://goo.gl/fbAQLP

exports[`OopsRoute Component matches snapshot 1`] = `
<section
  className="OopsRoute"
>
  PROBLEM
</section>
`;
